logging to.../global/cscratch1/sd/huikong/obiwan_Aug/repos_for_docker/obiwan_out/elg_one_brick/logs/035//rs0/log.0351m042
Python 3.5.2
/global/cscratch1/sd/huikong/obiwan_Aug/repos_for_docker/obiwan_code/py:/global/cscratch1/sd/huikong/obiwan_Aug/repos_for_docker/legacypipe/py:/root/myinstall/astrometry/lib/python:
/legacysurvey-0351m042/legacysurveydir_dr3
ls: cannot access '/legacysurvey-0351m042/legacysurveydir_dr3/images/decam/': No such file or directory
logging to.../global/cscratch1/sd/huikong/obiwan_Aug/repos_for_docker/obiwan_out/elg_one_brick/logs/035//rs0/log.0354m042
Python 3.5.2
/global/cscratch1/sd/huikong/obiwan_Aug/repos_for_docker/obiwan_code/py:/global/cscratch1/sd/huikong/obiwan_Aug/repos_for_docker/legacypipe/py:/root/myinstall/astrometry/lib/python:
/legacysurvey-0354m042/legacysurveydir_dr3
ls: cannot access '/legacysurvey-0354m042/legacysurveydir_dr3/images/decam/': No such file or directory
srun: error: nid00009: task 0: Exited with exit code 1
srun: Terminating job step 10751401.1
srun: error: nid00010: task 0: Exited with exit code 1
srun: Terminating job step 10751401.2
srun: error: nid00009: task 0: Exited with exit code 1
srun: error: nid00010: task 0: Exited with exit code 1
srun: error: Task 0 reported exit for a second time.
srun: error: Task 0 reported exit for a second time.
