logging to.../global/cscratch1/sd/huikong/obiwan_Aug/repos_for_docker/obiwan_out/elg_one_brick/logs/327//rs0/log.3271p002
srun: error: nid00658: task 0: Exited with exit code 1
srun: Terminating job step 15183638.1
