logging to.../global/cscratch1/sd/huikong/obiwan_Aug/repos_for_docker/obiwan_out/elg_one_brick/logs/042//rs0/log.0429p047
srun: error: nid01905: task 0: Exited with exit code 1
srun: Terminating job step 15182113.1
