Python 3.5.2
/global/cscratch1/sd/huikong/obiwan_Aug/repos_for_docker/obiwan_code/py:/global/cscratch1/sd/huikong/obiwan_Aug/repos_for_docker/legacypipe/py:/root/myinstall/astrometry/lib/python:
ls: cannot access '/legacysurvey-0351m042/legacysurveydir_dr3': No such file or directory
